../Core/Src/coil.c:68:6:reverse_string	32	static
../Core/Src/coil.c:77:6:toggle_coil_polarity	8	static
../Core/Src/coil.c:88:6:set_polarity_low	8	static
../Core/Src/coil.c:94:6:send_one	16	static
../Core/Src/coil.c:108:6:send_zero	16	static
../Core/Src/coil.c:117:6:send_track	16	static
../Core/Src/coil.c:132:6:send_zeros	24	static
../Core/Src/coil.c:149:6:load_track_one	24	static
../Core/Src/coil.c:158:6:load_track_two	24	static
../Core/Src/coil.c:167:5:convert_track_one	24	static
../Core/Src/coil.c:175:5:convert_track_two	24	static
../Core/Src/coil.c:187:8:appendTrack1LRC	48	static
../Core/Src/coil.c:212:8:appendTrack2LRC	48	static
../Core/Src/coil.c:237:6:validate_track	32	static
../Core/Src/coil.c:257:5:clean_track	40	static
../Core/Src/coil.c:281:6:send_both_tracks	8	static
../Core/Src/coil.c:290:6:init_tracks	16	static
../Core/Src/coil.c:302:6:set_track	16	static
../Core/Src/coil.c:314:6:transmit_both_tracks	16	static
