../Core/Src/main.c:62:6:HAL_TIM_PeriodElapsedCallback	16	static
../Core/Src/main.c:66:6:HAL_UART_RxCpltCallback	16	static
../Core/Src/main.c:102:6:UART_send	16	static
../Core/Src/main.c:107:6:readLine	32	static
../Core/Src/main.c:134:6:readChar	24	static
../Core/Src/main.c:184:5:main	624	static
../Core/Src/main.c:535:6:delete_card	304	static
../Core/Src/main.c:576:6:Nucleo_button_pressed	8	static
../Core/Src/main.c:579:6:Nucleo_button_pushed_verbose	16	static
../Core/Src/main.c:691:19:EEPROM_WriteByte	32	static
../Core/Src/main.c:721:19:EEPROM_ReadByte	32	static
../Core/Src/main.c:754:19:EEPROM_WriteBuffer	112	static
../Core/Src/main.c:802:19:EEPROM_ReadBuffer	32	static
../Core/Src/main.c:835:6:SystemClock_Config	96	static
../Core/Src/main.c:885:13:MX_I2C1_Init	8	static
../Core/Src/main.c:933:13:MX_TIM2_Init	40	static
../Core/Src/main.c:978:13:MX_USART2_UART_Init	8	static
../Core/Src/main.c:1013:13:MX_GPIO_Init	40	static
../Core/Src/main.c:1088:6:Error_Handler	4	static,ignoring_inline_asm
